3Com EtherLink III CLI Configuration Program v0.8.0
by The Phintage Collector (Gianpaolo Del Matto)
https://github.com/gpdm/TPC-3CCFGCLI
reimplementation of the original 3Com EtherLink III Configuration Utility v3.2

NIC                            NIC
Number                       Description
--------------------------------------------------------------------------
  1    3Com 3C509B-TP: Ethernet Address = 0020AFBD8850
       EtherLink III 16-bit ISA NIC (ASIC Revision 2)
       Connectors = TP, AUI
       Full Duplex Capability = yes
       Plug and Play Capability = yes
              ---
       IOBASE = 0300, IRQ = 5
       Transceiver = external (AUX/DIX)
       Plug and Play = disabled
       Boot ROM = disabled
       Optimization = Server
       MODEM Interrupt Disable Time = 1300 us (1200 bd)
       Full Duplex = disabled
  2    3Com 3C509-TP: Ethernet Address = 00608CE90C9B
       EtherLink III 16-bit ISA NIC (ASIC Revision 1)
       Connectors = TP, AUI
       Full Duplex Capability = not supported
       Plug and Play Capability = not supported
              ---
       IOBASE = 0280, IRQ = 3
       Transceiver = external (AUX/DIX)
       Plug and Play = not supported
       Boot ROM = disabled
       Optimization = Server
       MODEM Interrupt Disable Time = 1300 us (1200 bd)
       Full Duplex = not supported
Running test target hwcrm for detected NIC: MULTI 
invoke: MAKE -fHWCREAD.MK -DCARD_MULTI  hwcrm 
Cleaning logs and test artifacts 
Running 3CCFGCLI Hardware Compliance Read checks 
[hwcrm00xx] Multi NIC Hardware Compliance Read checks 
Saving original adapter configuration to hwcrmREST.BAT 
3Com EtherLink III CLI Configuration Program v0.8.0
by The Phintage Collector (Gianpaolo Del Matto)
https://github.com/gpdm/TPC-3CCFGCLI
reimplementation of the original 3Com EtherLink III Configuration Utility v3.2

Configuration restore batch file created: MULTI\ARTIFACT\HWCRMREST.BAT
[hwcrm001] LIST with two adapters set at distinct IOBASE values 
[hwcrm001] PASSED 
[hwcrm002] SAVECONFIG with two adapters set at distinct IOBASE values 
[hwcrm002] PASSED 
[hwcrm003] LIST with two adapters sharing one IOBASE 
[hwcrm003] PASSED 
[hwcrm004] SAVECONFIG with two adapters sharing one IOBASE 
[hwcrm004] PASSED 
Hardware Compliance Read checks completed. 
Taking post-configuration dump using 3C5X9CFG 
Hardware Compliance Test PASSED. 
HWC SET verification: Verify 3C5X9CFG post HWC configuration dump
[hwcs001].[multi] Verifying specific Multi-NIC properties
[hwcs001].[multi] PASSED
HWC SET verification: run completed
