3Com EtherLink III CLI Configuration Program v0.8.0
by The Phintage Collector (Gianpaolo Del Matto)
https://github.com/gpdm/TPC-3CCFGCLI
reimplementation of the original 3Com EtherLink III Configuration Utility v3.2

NIC                            NIC
Number                       Description
--------------------------------------------------------------------------
  1    3Com 3C509/3C509B-TP: Ethernet Address = 0020AFBD8850
       EtherLink III 16-bit ISA NIC (ASIC Revision read error (possible I/O conflict))
       Connectors = TP, AUI
       Full Duplex Capability = yes
       Plug and Play Capability = yes
              ---
       IOBASE = 0300, IRQ = 5
       Transceiver = external (AUX/DIX)
       Plug and Play = disabled
       Boot ROM = disabled
       Optimization = Server
       MODEM Interrupt Disable Time = 1300 us (1200 bd)
       Full Duplex = disabled
  2    3Com 3C509/3C509B-TP: Ethernet Address = 00608CE90C9B
       EtherLink III 16-bit ISA NIC (ASIC Revision read error (possible I/O conflict))
       Connectors = TP, AUI
       Full Duplex Capability = read error (possible I/O conflict)
       Plug and Play Capability = read error (possible I/O conflict)
              ---
       IOBASE = 0300, IRQ = 3
       Transceiver = external (AUX/DIX)
       Plug and Play = read error (possible I/O conflict)
       Boot ROM = disabled
       Optimization = Server
       MODEM Interrupt Disable Time = 1300 us (1200 bd)
       Full Duplex = read error (possible I/O conflict)
Running test target hwcwm for detected NIC: MULTI 
invoke: MAKE -fHWCWRITE.MK -DCARD_MULTI  hwcwm 
Cleaning logs and test artifacts 
Running 3CCFGCLI Hardware Compliance Write checks 
[hwcwm00xx] Multi NIC Hardware Compliance Write checks 
Saving original adapter configuration to hwcwmREST.BAT 
3Com EtherLink III CLI Configuration Program v0.8.0
by The Phintage Collector (Gianpaolo Del Matto)
https://github.com/gpdm/TPC-3CCFGCLI
reimplementation of the original 3Com EtherLink III Configuration Utility v3.2

Configuration restore batch file created: MULTI\ARTIFACT\HWCWMREST.BAT
[hwcwm001] LIST with two adapters set at distinct IOBASE values 
[hwcwm001] PASSED 
[hwcwm002] SAVECONFIG with two adapters set at distinct IOBASE values 
[hwcwm002] PASSED 
[hwcwm003] LIST with two adapters sharing one IOBASE 
[hwcwm003] PASSED 
[hwcwm004] SAVECONFIG with two adapters sharing one IOBASE 
[hwcwm004] PASSED 
[hwcwm005] selected adapter migrates out of a duplicate IOBASE state 
[hwcwm005] PASSED 
Hardware Compliance Write checks completed. 
Taking post-configuration dump using 3C5X9CFG 
Hardware Compliance Test PASSED. 
HWC SET verification: Verify 3C5X9CFG post HWC configuration dump
[hwcs001].[multi] Verifying specific Multi-NIC properties
[hwcs001].[multi] PASSED
HWC SET verification: run completed
