3Com EtherLink III CLI Configuration Program v0.8.0
by The Phintage Collector (Gianpaolo Del Matto)
https://github.com/gpdm/TPC-3CCFGCLI
reimplementation of the original 3Com EtherLink III Configuration Utility v3.2

NIC                            NIC
Number                       Description
--------------------------------------------------------------------------
  1    3Com 3C509-TP: Ethernet Address = 00608CE90C9B
       EtherLink III 16-bit ISA NIC (ASIC Revision 1)
       Connectors = TP, AUI
       Full Duplex Capability = not supported
       Plug and Play Capability = not supported
              ---
       IOBASE = 0280, IRQ = 3
       Transceiver = external (AUX/DIX)
       Plug and Play = not supported
       Boot ROM = disabled
       Optimization = Server
       MODEM Interrupt Disable Time = 1300 us (1200 bd)
       Full Duplex = not supported
3Com EtherLink III card detection running ... 
Running test target hwcr for detected NIC: TP 
invoke: MAKE -fHWCREAD.MK -DCARD_TP  hwcr 
Cleaning logs and test artifacts 
Running 3CCFGCLI Hardware Compliance Read checks 
[hwcr00xx] Hardware Compliance Read checks for 3C509-TP 
Saving original adapter configuration to hwcrREST.BAT 
3Com EtherLink III CLI Configuration Program v0.8.0
by The Phintage Collector (Gianpaolo Del Matto)
https://github.com/gpdm/TPC-3CCFGCLI
reimplementation of the original 3Com EtherLink III Configuration Utility v3.2

Configuration restore batch file created: TP\ARTIFACT\HWCRREST.BAT
[set-default].[common] Writing 3C509-TP baseline via original utility 
[set-default].[tp] PASSED 
[hwcr001].[common] Reading 3C509-TP identity and capabilities 
[hwcr001].[tp] PASSED 
[hwcr002] 3C5X9CFG /INT writer, 3CCFGCLI LIST reader 
[hwcr002] PASSED 
[hwcr003] 3C5X9CFG /IOBASE writer, 3CCFGCLI LIST reader 
[hwcr003] PASSED 
[hwcr004].[unsupported] PNP support is not supported by 3C509-TP. 
[hwcr004].[unsupported] NOT SUPPORTED 
[hwcr005] 3C5X9CFG /MODEM writer, 3CCFGCLI LIST reader 
[hwcr005] PASSED 
[hwcr006].[unsupported] Full Duplex is not supported by 3C509-TP. 
[hwcr006].[unsupported] NOT SUPPORTED 
[hwcr007] 3C5X9CFG /OPTIMIZE writer, 3CCFGCLI LIST reader 
[hwcr007] PASSED 
[hwcr008].[tp] 3C5X9CFG /TR:AUI writer, 3CCFGCLI LIST reader 
[hwcr008].[tp] PASSED 
[hwcr009].[common] Reading combined hardware state through SAVECONFIG 
[hwcr009].[tp] PASSED 
[hwcr051] Boot ROM testing is currently disabled for 3C509-TP. 
[hwcr051] DISABLED 
Hardware Compliance Read checks completed. 
Taking post-configuration dump using 3C5X9CFG 
Hardware Compliance Test PASSED. 
HWC SET verification: Verify 3C5X9CFG post HWC configuration dump
[hwcs001].[common] Verify 3C5X9CFG post HWC configuration dump
[hwcs001].[tp] Verifying specific 3C509-TP properties
[hwcs001].[tp] PASSED
HWC SET verification: run completed
