3Com EtherLink III CLI Configuration Program v0.7.6
by The Phintage Collector (Gianpaolo Del Matto)
https://github.com/gpdm/TPC-3CCFGCLI
reimplementation of the original 3Com EtherLink III Configuration Utility v3.2

IOBASE parameter accepted. Requested IOBASE: 0280

IOBASE configuration completed successfully.
3Com EtherLink III CLI Configuration Program v0.7.6
by The Phintage Collector (Gianpaolo Del Matto)
https://github.com/gpdm/TPC-3CCFGCLI
reimplementation of the original 3Com EtherLink III Configuration Utility v3.2

NIC                            NIC
Number                       Description
--------------------------------------------------------------------------
  1    3Com 3C509-TP: Ethernet Address = 00608CE90C9B
       EtherLink III 16-bit ISA NIC (ASIC Revision 1)
       Connectors = TP, AUI
       Full Duplex Capability = not supported
       Plug and Play Capability = not supported
              ---
       IOBASE = 0280, IRQ = 3
       Transceiver = on-board TP
       Plug and Play = not supported
       Boot ROM = disabled
       Optimization = DOS
       MODEM Interrupt Disable Time = 1600 us (NONE)
       Full Duplex = not supported
