3Com EtherLink III CLI Configuration Program v0.7.8
by The Phintage Collector (Gianpaolo Del Matto)
https://github.com/gpdm/TPC-3CCFGCLI
reimplementation of the original 3Com EtherLink III Configuration Utility v3.2

IOBASE parameter accepted. Requested IOBASE: 0300
INT parameter accepted. Requested IRQ: 5

IOBASE and IRQ configuration completed successfully.
3Com EtherLink III CLI Configuration Program v0.7.8
by The Phintage Collector (Gianpaolo Del Matto)
https://github.com/gpdm/TPC-3CCFGCLI
reimplementation of the original 3Com EtherLink III Configuration Utility v3.2

IOBASE parameter accepted. Requested IOBASE: 0300
INT parameter accepted. Requested IRQ: 3

IOBASE and IRQ configuration completed successfully.
3Com EtherLink III CLI Configuration Program v0.7.8
by The Phintage Collector (Gianpaolo Del Matto)
https://github.com/gpdm/TPC-3CCFGCLI
reimplementation of the original 3Com EtherLink III Configuration Utility v3.2

NIC                            NIC
Number                       Description
--------------------------------------------------------------------------
  1    3Com 3C509/3C509B-TP: Ethernet Address = 0020AFBD8850
       EtherLink III 16-bit ISA NIC (ASIC Revision read error (possible I/O conflict))
       Connectors = read error (possible I/O conflict)
       Full Duplex Capability = read error (possible I/O conflict)
       Plug and Play Capability = read error (possible I/O conflict)
              ---
       IOBASE = 0300, IRQ = 5
       Transceiver = external (AUX/DIX)
       Plug and Play = read error (possible I/O conflict)
       Boot ROM = disabled
       Optimization = Server
       MODEM Interrupt Disable Time = 1300 us (1200 bd)
       Full Duplex = read error (possible I/O conflict)
  2    3Com 3C509/3C509B-TP: Ethernet Address = 00608CE90C9B
       EtherLink III 16-bit ISA NIC (ASIC Revision read error (possible I/O conflict))
       Connectors = read error (possible I/O conflict)
       Full Duplex Capability = read error (possible I/O conflict)
       Plug and Play Capability = read error (possible I/O conflict)
              ---
       IOBASE = 0300, IRQ = 3
       Transceiver = external (AUX/DIX)
       Plug and Play = read error (possible I/O conflict)
       Boot ROM = disabled
       Optimization = Server
       MODEM Interrupt Disable Time = 1300 us (1200 bd)
       Full Duplex = read error (possible I/O conflict)
