3Com EtherLink III CLI Configuration Program v0.8.0
by The Phintage Collector (Gianpaolo Del Matto)
https://github.com/gpdm/TPC-3CCFGCLI
reimplementation of the original 3Com EtherLink III Configuration Utility v3.2

NIC                            NIC
Number                       Description
--------------------------------------------------------------------------
  1    3Com 3C509B-TPCoax: Ethernet Address = 00104B0442BF
       EtherLink III 16-bit ISA NIC (ASIC Revision 2)
       Connectors = TP, COAX
       Full Duplex Capability = yes
       Plug and Play Capability = yes
              ---
       IOBASE = 0280, IRQ = 3
       Transceiver = on-board coax
       Plug and Play = disabled
       Boot ROM = disabled
       Optimization = Server
       MODEM Interrupt Disable Time = 1300 us (1200 bd)
       Full Duplex = disabled
3Com EtherLink III card detection running ... 
Running test target hwcr for detected NIC: BTPC 
invoke: MAKE -fHWCREAD.MK -DCARD_BTPC  hwcr 
Cleaning logs and test artifacts 
Running 3CCFGCLI Hardware Compliance Read checks 
[hwcr00xx] Hardware Compliance Read checks for 3C509B-TPCoax 
Saving original adapter configuration to hwcrREST.BAT 
3Com EtherLink III CLI Configuration Program v0.8.0
by The Phintage Collector (Gianpaolo Del Matto)
https://github.com/gpdm/TPC-3CCFGCLI
reimplementation of the original 3Com EtherLink III Configuration Utility v3.2

Configuration restore batch file created: BTPC\ARTIFACT\HWCRREST.BAT
[set-default].[common] Writing 3C509B-TPCoax baseline via original utility 
[set-default].[btpc] PASSED 
[hwcr001].[common] Reading 3C509B-TPCoax identity and capabilities 
[hwcr001].[btpc] PASSED 
[hwcr002] 3C5X9CFG /INT writer, 3CCFGCLI LIST reader 
[hwcr002] PASSED 
[hwcr003] 3C5X9CFG /IOBASE writer, 3CCFGCLI LIST reader 
[hwcr003] PASSED 
[hwcr004] 3C5X9CFG /PNP writer, 3CCFGCLI LIST reader 
[hwcr004] PASSED 
[hwcr005] 3C5X9CFG /MODEM writer, 3CCFGCLI LIST reader 
[hwcr005] PASSED 
[hwcr006] 3C5X9CFG /FULLDUPLEX writer, 3CCFGCLI LIST reader 
[hwcr006] PASSED 
[hwcr007] 3C5X9CFG /OPTIMIZE writer, 3CCFGCLI LIST reader 
[hwcr007] PASSED 
[hwcr008].[btpc] 3C5X9CFG /TR:COAX writer, 3CCFGCLI LIST reader 
[hwcr008].[btpc] PASSED 
[hwcr009].[common] Reading combined hardware state through SAVECONFIG 
[hwcr009].[btpc] PASSED 
[hwcr051] Boot ROM testing is currently disabled for 3C509B-TPCoax. 
[hwcr051] DISABLED 
Hardware Compliance Read checks completed. 
Taking post-configuration dump using 3C5X9CFG 
Hardware Compliance Test PASSED. 
HWC SET verification: Verify 3C5X9CFG post HWC configuration dump
[hwcs001].[common] Verify 3C5X9CFG post HWC configuration dump
[hwcs001].[btpc] Verifying specific 3C509B-TPCoax properties
[hwcs001].[btpc] PASSED
HWC SET verification: run completed
