3Com EtherLink III CLI Configuration Program v0.8.0
by The Phintage Collector (Gianpaolo Del Matto)
https://github.com/gpdm/TPC-3CCFGCLI
reimplementation of the original 3Com EtherLink III Configuration Utility v3.2

NIC                            NIC
Number                       Description
--------------------------------------------------------------------------
  1    3Com 3C509B-TPCoax: Ethernet Address = 00104B0442BF
       EtherLink III 16-bit ISA NIC (ASIC Revision 2)
       Connectors = TP, COAX
       Full Duplex Capability = yes
       Plug and Play Capability = yes
              ---
       IOBASE = 0280, IRQ = 3
       Transceiver = on-board coax
       Plug and Play = disabled
       Boot ROM = disabled
       Optimization = Server
       MODEM Interrupt Disable Time = 1300 us (1200 bd)
       Full Duplex = disabled
3Com EtherLink III card detection running ... 
Running test target hwcw for detected NIC: BTPC 
invoke: MAKE -fHWCWRITE.MK -DCARD_BTPC  hwcw 
Cleaning logs and test artifacts 
Running 3CCFGCLI Hardware Compliance Write checks 
[hwcw00xx] Hardware Compliance Write checks for 3C509B-TPCoax 
Saving original adapter configuration to hwcwREST.BAT 
3Com EtherLink III CLI Configuration Program v0.8.0
by The Phintage Collector (Gianpaolo Del Matto)
https://github.com/gpdm/TPC-3CCFGCLI
reimplementation of the original 3Com EtherLink III Configuration Utility v3.2

Configuration restore batch file created: BTPC\ARTIFACT\HWCWREST.BAT
[set-default].[common] Writing 3C509B-TPCoax baseline via original utility 
[set-default].[btpc] PASSED 
[hwcw001].[common] Reading 3C509B-TPCoax identity and capabilities 
[hwcw001].[btpc] PASSED 
[hwcw002] 3CCFGCLI /INT writer, 3CCFGCLI LIST reader 
[hwcw002] PASSED 
[hwcw003] 3CCFGCLI /IOBASE writer, 3CCFGCLI LIST reader 
[hwcw003] PASSED 
[hwcw004] 3CCFGCLI /PNP writer, 3CCFGCLI LIST reader 
[hwcw004] PASSED 
[hwcw005] 3CCFGCLI /MODEM writer, 3CCFGCLI LIST reader 
[hwcw005] PASSED 
[hwcw006] 3CCFGCLI /FULLDUPLEX writer, 3CCFGCLI LIST reader 
[hwcw006] PASSED 
[hwcw007] 3CCFGCLI /OPTIMIZE writer, 3CCFGCLI LIST reader 
[hwcw007] PASSED 
[hwcw008].[btpc] 3CCFGCLI /TR:COAX writer, 3CCFGCLI LIST reader 
[hwcw008].[btpc] PASSED 
[hwcw009].[common] Reading combined hardware state through SAVECONFIG 
[hwcw009].[btpc] PASSED 
[hwcw010] 3CCFGCLI multi-property CONFIGURE transaction 
[hwcw010] PASSED 
[hwcw051] Boot ROM testing is currently disabled for 3C509B-TPCoax. 
[hwcw051] DISABLED 
Hardware Compliance Write checks completed. 
Taking post-configuration dump using 3C5X9CFG 
Hardware Compliance Test PASSED. 
HWC SET verification: Verify 3C5X9CFG post HWC configuration dump
[hwcs001].[common] Verify 3C5X9CFG post HWC configuration dump
[hwcs001].[btpc] Verifying specific 3C509B-TPCoax properties
[hwcs001].[btpc] PASSED
HWC SET verification: run completed
