Configuration and Diagnostic Program  Version 3.2
Copyright (C) 1991-1999, 3Com Corporation.  All Rights Reserved.


The 3C5X9 NIC, NIC number 1, was successfully configured.
Configuration and Diagnostic Program  Version 3.2
Copyright (C) 1991-1999, 3Com Corporation.  All Rights Reserved.


The 3C5X9 NIC, NIC number 1, was successfully configured.
Configuration and Diagnostic Program  Version 3.2
Copyright (C) 1991-1999, 3Com Corporation.  All Rights Reserved.


The 3C5X9 NIC, NIC number 1, was successfully configured.
Configuration and Diagnostic Program  Version 3.2
Copyright (C) 1991-1999, 3Com Corporation.  All Rights Reserved.

If you change the Plug and Play option using the
Configuration and Diagnostic Program, you must
turn off the computer and reboot.

The 3C5X9 NIC, NIC number 1, was successfully configured.
Configuration and Diagnostic Program  Version 3.2
Copyright (C) 1991-1999, 3Com Corporation.  All Rights Reserved.


The 3C5X9 NIC, NIC number 1, was successfully configured.
Configuration and Diagnostic Program  Version 3.2
Copyright (C) 1991-1999, 3Com Corporation.  All Rights Reserved.


The 3C5X9 NIC, NIC number 1, was successfully configured.
