Configuration and Diagnostic Program  Version 3.2
Copyright (C) 1991-1999, 3Com Corporation.  All Rights Reserved.


The 3C5X9 NIC, NIC number 1, was successfully configured.
3Com EtherLink III CLI Configuration Program v0.8.0
by The Phintage Collector (Gianpaolo Del Matto)
https://github.com/gpdm/TPC-3CCFGCLI
reimplementation of the original 3Com EtherLink III Configuration Utility v3.2

IOBASE parameter accepted. Requested IOBASE: 0280
INT parameter accepted. Requested IRQ: 3
MODEM parameter accepted. Requested setting: 1200

Configuration completed successfully.
3Com EtherLink III CLI Configuration Program v0.8.0
by The Phintage Collector (Gianpaolo Del Matto)
https://github.com/gpdm/TPC-3CCFGCLI
reimplementation of the original 3Com EtherLink III Configuration Utility v3.2

NIC                            NIC
Number                       Description
--------------------------------------------------------------------------
  1    3Com 3C509B-TP: Ethernet Address = 0020AFBD8850
       EtherLink III 16-bit ISA NIC (ASIC Revision 2)
       Connectors = TP, AUI
       Full Duplex Capability = yes
       Plug and Play Capability = yes
              ---
       IOBASE = 0280, IRQ = 3
       Transceiver = external (AUX/DIX)
       Plug and Play = disabled
       Boot ROM = disabled
       Optimization = Server
       MODEM Interrupt Disable Time = 1300 us (1200 bd)
       Full Duplex = disabled
